// Jest Snapshot v1, https://goo.gl/fbAQLP

exports[`MovieCard component works as expected 1`] = `
<div
  className="MuiPaper-root-2 MuiPaper-elevation1-5 MuiPaper-rounded-3 MuiCard-root-1 card"
  onClick={[Function]}
>
  <div
    className="MuiCardMedia-root-29 media"
    style={
      Object {
        "backgroundImage": "url(\\"https://image.tmdb.org/t/p/w500/97fNAi62HawGjWru7PvVmF7RAbU.jpg\\")",
      }
    }
    title="Kill Bill: Vol. 1"
  />
  <div
    className="titleDate"
  >
    <span
      className="title"
    >
      Kill Bill: Vol. 1
    </span>
    <span
      className="date"
    >
      2003
    </span>
  </div>
  <div
    className="genres"
  >
    Action & Crime
  </div>
</div>
`;
